
[0m[2m[35m$[0m [2m[1mtsup src/index.ts --format esm --clean && tsc --emitDeclarationOnly --declaration --outDir dist[0m
[33m▲ [43;33m[[43;30mWARNING[43;33m][0m [1mThe condition "style" here will never be used as it comes after both "import" and "require"[0m [package.json]

    package.json:16:6:
[37m      16 │       [32m"style"[37m: "./dist/index.css"
         ╵       [32m~~~~~~~[0m

  The "import" condition comes earlier and will be used for all "import" statements:

    package.json:14:6:
[37m      14 │       [32m"import"[37m: "./dist/index.css",
         ╵       [32m~~~~~~~~[0m

  The "require" condition comes earlier and will be used for all "require" calls:

    package.json:15:6:
[37m      15 │       [32m"require"[37m: "./dist/index.css",
         ╵       [32m~~~~~~~~~[0m

[33m▲ [43;33m[[43;30mWARNING[43;33m][0m [1mThe condition "style" here will never be used as it comes after both "import" and "require"[0m [package.json]

    package.json:21:6:
[37m      21 │       [32m"style"[37m: "./dist/index.css"
         ╵       [32m~~~~~~~[0m

  The "import" condition comes earlier and will be used for all "import" statements:

    package.json:19:6:
[37m      19 │       [32m"import"[37m: "./dist/index.css",
         ╵       [32m~~~~~~~~[0m

  The "require" condition comes earlier and will be used for all "require" calls:

    package.json:20:6:
[37m      20 │       [32m"require"[37m: "./dist/index.css",
         ╵       [32m~~~~~~~~~[0m

[34mCLI[39m Building entry: src/index.ts
[34mCLI[39m Using tsconfig: tsconfig.json
[34mCLI[39m tsup v8.5.1
[34mCLI[39m Using tsup config: /home/lanore/Projects/kyokusu-ui/packages/core/tsup.config.ts
[34mCLI[39m Target: esnext
[34mCLI[39m Cleaning output folder
[34mESM[39m Build start

[43m[30m WARN [39m[49m [33m▲ [43;33m[[43;30mWARNING[43;33m][0m [1mThe condition "style" here will never be used as it comes after both "import" and "require"[0m [package.json]                                                                                                                              [90m2:11:51 PM[39m

    package.json:16:6:
[37m      16 │       [32m"style"[37m: "./dist/index.css"
         ╵       [32m~~~~~~~[0m

  The "import" condition comes earlier and will be used for all "import" statements:

    package.json:14:6:
[37m      14 │       [32m"import"[37m: "./dist/index.css",
         ╵       [32m~~~~~~~~[0m

  The "require" condition comes earlier and will be used for all "require" calls:

    package.json:15:6:
[37m      15 │       [32m"require"[37m: "./dist/index.css",
         ╵       [32m~~~~~~~~~[0m




[43m[30m WARN [39m[49m [33m▲ [43;33m[[43;30mWARNING[43;33m][0m [1mThe condition "style" here will never be used as it comes after both "import" and "require"[0m [package.json]                                                                                                                              [90m2:11:51 PM[39m

    package.json:21:6:
[37m      21 │       [32m"style"[37m: "./dist/index.css"
         ╵       [32m~~~~~~~[0m

  The "import" condition comes earlier and will be used for all "import" statements:

    package.json:19:6:
[37m      19 │       [32m"import"[37m: "./dist/index.css",
         ╵       [32m~~~~~~~~[0m

  The "require" condition comes earlier and will be used for all "require" calls:

    package.json:20:6:
[37m      20 │       [32m"require"[37m: "./dist/index.css",
         ╵       [32m~~~~~~~~~[0m



[32mESM[39m [1mdist/index.js [22m[32m134.10 KB[39m
[32mESM[39m ⚡️ Build success in 141ms
DTS Build start
DTS ⚡️ Build success in 1618ms
DTS dist/index.d.ts 12.90 KB
